Caesar cipher: Introduced as a fun, basic encryption method.
openssl step: The actual decryption process of the AES-encrypted file, but you needed the key (hidden in the cipher text) before you could use it.
--

analyst@b1690a151ebd:~$ ls
Q1.encrypted  README.txt  caesar
analyst@b1690a151ebd:~$ pwd
/home/analyst
analyst@b1690a151ebd:~$ cat readme.txt
cat: readme.txt: No such file or directory
analyst@b1690a151ebd:~$ cat README.txtr
cat: README.txtr: No such file or directory
analyst@b1690a151ebd:~$ cat README.txt 
Hello,
All of your data has been encrypted. To recover your data, you will need to solve a cipher. To get started look for a hidden file in the caesar subdirectory.


analyst@b1690a151ebd:~$ cd caesar
analyst@b1690a151ebd:~/caesar$ ls -a
.  ..  .leftShift3
analyst@b1690a151ebd:~/caesar$ cat .
cat: .: Is a directory
analyst@b1690a151ebd:~/caesar$ cat .leftshift3
cat: .leftshift3: No such file or directory
analyst@b1690a151ebd:~/caesar$ cat .leftShift3
Lq rughu wr uhfryhu brxu ilohv brx zloo qhhg wr hqwhu wkh iroorzlqj frppdqg:

rshqvvo dhv-256-fef -sengi2 -d -g -lq T1.hqfubswhg -rxw T1.uhfryhuhg -n hwwxeuxwh

--
Data has been encrypted using a Caesar cipher. This can be solved by shifting each alphabet character to the left or right by a fixed number of spaces. 
tr (translate): <char to be replaced> <replacement char>

echo "ac" | tr "abcd" "pqrs"
Step-by-step Execution:
The input string is "ac".
The mapping provided is:
'a' → 'p'
'b' → 'q'
'c' → 'r'
'd' → 's'
In "ac",
'a' gets replaced by 'p'
'c' gets replaced by 'r'
Output: "pr"

d-z (lowercase) + a-c (lowercase) → shifts letters backward by 3.
D-Z (uppercase) + A-C (uppercase) → shifts uppercase letters backward by 3.
--


analyst@b1690a151ebd:~/caesar$ cat .leftShift3 | tr "d-za-cD-ZA-C" "a-zA-Z"
In order to recover your files you will need to enter the following command:

openssl aes-256-cbc -pbkdf2 -a -d -in Q1.encrypted -out Q1.recovered -k ettubrute


-
analyst@b1690a151ebd:~/caesar$ cd ~
analyst@b1690a151ebd:~$ ls  
Q1.encrypted  README.txt  caesar
analyst@b1690a151ebd:~$ cat Q1.encrypted
U2FsdGVkX1/nxHZY2p53/6gRmQ9alkNrVwOwPOgpTeB09rdnvKnydLPQsnOYHjgR
42Mwdv0ye94Im+u100Fl2+Bx3SHjJ7wZjOxA7Jew1x7g3LcRsRnFcFLyfAnn0f3u
xMIH/y+Y4HfVb6NUFueXM43M5Cn/Gz9JqIxpw+tZaajsrtZrsoEwenZEND1Ya6AY
rnVCjCFdTmSVG9EnzGxFT40DOw0yIhEAw5WqfBzjwgNSfz+p44Bnb3jUHsJt38gw

analyst@b1690a151ebd:~$ openssl aes-256-cbc -pbkdf2 -a -d -in Q1.encrypted -out Q1.recovered -k ettubrute
--
openssl command reverses the encryption of the file with a secure symmetric cipher, as indicated by AES-256-CBC. 
The -pbkdf2 option is used to add extra security to the key, and -a indicates the desired encoding for the output. 
The -d indicates decrypting, while -in specifies the input file and -out specifies the output file. The -k specifies the password, which in this example is ettubrute.
--
analyst@b1690a151ebd:~$ lsQ1.encrypted  Q1.recovered  README.txt  caesar
analyst@b1690a151ebd:~$ cat Q1.recoveredIf you are able to read this, then you have successfully decrypted the classic cipher text. 
You recovered the encryption key that was used to encrypt this file. Great work!


----
Activity 2
As a security analyst, you’ll need to implement security controls to protect organizations against a range of threats.
we’ll create hash values for two files and use Linux commands to manually examine the differences.

analyst@a95a51a32c6c:~$ ls
file1.txt  file2.txt

analyst@a95a51a32c6c:~$ cat file1.txt
X5O!P%@AP[4\PZX54(P^)7CC)7}$EICAR-STANDARD-ANTIVIRUS-TEST-FILE!$H+H*
analyst@a95a51a32c6c:~$ cat file2.txt
X5O!P%@AP[4\PZX54(P^)7CC)7}$EICAR-STANDARD-ANTIVIRUS-TEST-FILE!$H+H*

9sxa5Yq20Ranalyst@a95a51a32c6c:~$ sha256sum file1.txt
131f95c51cc819465fa1797f6ccacf9d494aaaff46fa3eac73ae63ffbdfd8267  file1.txt
analyst@a95a51a32c6c:~$ sha256sum file2.txt
2558ba9a4cad1e69804ce03aa2a029526179a91a5e38cb723320e83af9ca017b  file2.txt
--
We see that the hash shows two different outputs showcasing that they are different
files even though the initial message at first glance seemed the same.
One must be structually different
--
analyst@a95a51a32c6c:~$ sha265 file1.txt >> file1hash
-bash: sha265: command not found
analyst@a95a51a32c6c:~$ sha256 file1.txt >> file1hash
-bash: sha256: command not found
analyst@a95a51a32c6c:~$ sha256sum file1.txt >> file1hash
analyst@a95a51a32c6c:~$ sha256sum file2.txt >> file2hash

analyst@a95a51a32c6c:~$ ls
file1.txt  file1hash  file2.txt  file2hash
analyst@a95a51a32c6c:~$ cmp file1hash file2hash
file1hash file2hash differ: char 1, line 1
analyst@a95a51a32c6c:~$ 









